// expected-no-diagnostics
// RUN: %clang_cc1 -verify %s
// RUN: diff %s %s.expected
void foo() {
    int a = 2;
}

