// RUN: %clang_cc1 -verify=check %s
// RUN: diff %s %s.expected
void foo() {
    a = 2; // check-error{{use of undeclared identifier 'a'}}
           // expected-error@-1{ignored}}
}

