; NOTE: Assertions have been autogenerated by utils/update_mc_test_check.py UTC_ARGS: --version 5
# RUN: llvm-mc -triple=amdgcn -mcpu=gfx1100 -disassemble -show-encoding %s 2>&1 | FileCheck -check-prefixes=CHECK %s

# CHECK: v_nop                                   ; encoding: [0x00,0x00,0x00,0x7e]
0x00,0x00,0x00,0x7e

# COM: CHECK: warning: invalid instruction encoding
0xfd,0xb8,0x0a,0x7f
