; NOTE: Assertions have been autogenerated by utils/update_mc_test_check.py UTC_ARGS: --version 5
// RUN: llvm-mc -triple=amdgcn -show-encoding %s 2>&1 | FileCheck --check-prefixes=CHECK %s

// CHECK: v_bfrev_b32_e32 v5, v1                  ; encoding: [0x01,0x71,0x0a,0x7e]
v_bfrev_b32 v5, v1
